// Vitest Snapshot v1

exports[`report > json 1`] = `
"[
    {
        \\"file\\": \\"foo.js\\",
        \\"raw\\": 123456,
        \\"gzip\\": 5661,
        \\"brotli\\": 123
    },
    {
        \\"file\\": \\"some/sub/path/bar.md\\",
        \\"raw\\": 445123,
        \\"gzip\\": 82734,
        \\"brotli\\": 28372
    },
    {
        \\"file\\": \\"another/folder/baz.js\\",
        \\"raw\\": 1234,
        \\"gzip\\": 5678,
        \\"brotli\\": null
    },
    {
        \\"file\\": \\"simple.file.ts\\",
        \\"raw\\": 1234,
        \\"gzip\\": null,
        \\"brotli\\": 5677
    },
    {
        \\"file\\": \\"test/package.json\\",
        \\"raw\\": 4444,
        \\"gzip\\": null,
        \\"brotli\\": null
    }
]"
`;

exports[`report > pretty 1`] = `
"[32mfoo.js               [39m [1m120.56 KB[22m[2m â”‚ gzip:  5.53 KB[22m[2m â”‚ brotli:    123 B[22m
[2msome/sub/path[22m/[32mbar.md [39m [1m434.69 KB[22m[2m â”‚ gzip: 80.79 KB[22m[2m â”‚ brotli: 27.71 KB[22m
[2manother/folder[22m/[32mbaz.js[39m [1m  1.21 KB[22m[2m â”‚ gzip:  5.54 KB[22m
[32msimple.file.ts       [39m [1m  1.21 KB[22m[2m â”‚ brotli:  5.54 KB[22m
[2mtest[22m/[32mpackage.json    [39m [1m  4.34 KB[22m"
`;

exports[`report > pretty with total size 1`] = `
"[32mfoo.js               [39m [1m120.56 KB[22m[2m â”‚ gzip:  5.53 KB[22m[2m â”‚ brotli:    123 B[22m
[2msome/sub/path[22m/[32mbar.md [39m [1m434.69 KB[22m[2m â”‚ gzip: 80.79 KB[22m[2m â”‚ brotli: 27.71 KB[22m
[2manother/folder[22m/[32mbaz.js[39m [1m  1.21 KB[22m[2m â”‚ gzip:  5.54 KB[22m
[32msimple.file.ts       [39m [1m  1.21 KB[22m[2m â”‚ brotli:  5.54 KB[22m
[2mtest[22m/[32mpackage.json    [39m [1m  4.34 KB[22m
[1mTotal:               [22m [1m562.00 KB[22m[2m â”‚ gzip: 91.87 KB[22m[2m â”‚ brotli: 33.37 KB[22m"
`;
